

--- [2026-06-06T04:10:09.958Z] Incoming Request ---
Headers: {
  "host": "localhost:3000",
  "connection": "keep-alive",
  "content-length": "125230",
  "sec-ch-ua-platform": "\"Windows\"",
  "authorization": "Bearer eyJhbGciOiJIUzI1NiIsInR5cCI6IkpXVCJ9.eyJpZCI6MSwibmlrIjoiMTExMTExMTExMTExMTExMSIsIm5hbWFfbGVuZ2thcCI6IkNPQkEgQUpBIFRlc3QiLCJlbWFpbCI6InN1bHRvbmxwdHBAZ21haWwuY29tIiwicm9sZSI6InVzZXIiLCJpYXQiOjE3ODA3MTg5MDgsImV4cCI6MTc4MDgwNTMwOH0.0K3sc152hugo6b0Iehg3btTKbCrQLDdEF-Om1B3h238",
  "user-agent": "Mozilla/5.0 (Windows NT 10.0; Win64; x64) AppleWebKit/537.36 (KHTML, like Gecko) Chrome/148.0.0.0 Safari/537.36",
  "accept": "application/json, text/plain, */*",
  "sec-ch-ua": "\"Chromium\";v=\"148\", \"Google Chrome\";v=\"148\", \"Not/A)Brand\";v=\"99\"",
  "content-type": "multipart/form-data; boundary=----WebKitFormBoundaryD5OsN3J7kjgIvLqQ",
  "sec-ch-ua-mobile": "?0",
  "origin": "http://localhost:3001",
  "sec-fetch-site": "same-site",
  "sec-fetch-mode": "cors",
  "sec-fetch-dest": "empty",
  "referer": "http://localhost:3001/",
  "accept-encoding": "gzip, deflate, br, zstd",
  "accept-language": "id-ID,id;q=0.9,en-US;q=0.8,en;q=0.7"
}
Files received: [
  {
    "fieldname": "files",
    "originalname": "Social life.jpg",
    "encoding": "7bit",
    "mimetype": "image/jpeg",
    "destination": "uploads/",
    "filename": "1780719010018-466946504.jpg",
    "path": "uploads\\1780719010018-466946504.jpg",
    "size": 124382
  }
]
Body received: {
  "title": "Testing laporan",
  "description": "laporan testing",
  "tanggal_kejadian": "2026-06-06",
  "lokasi_kejadian": "Testing",
  "instansi_tujuan": "Dinas Kesehatan",
  "category_id": "1"
}


--- [2026-06-06T04:10:49.241Z] Incoming Request ---
Headers: {
  "host": "localhost:3000",
  "connection": "keep-alive",
  "content-length": "716",
  "sec-ch-ua-platform": "\"Windows\"",
  "authorization": "Bearer eyJhbGciOiJIUzI1NiIsInR5cCI6IkpXVCJ9.eyJpZCI6MSwibmlrIjoiMTExMTExMTExMTExMTExMSIsIm5hbWFfbGVuZ2thcCI6IkNPQkEgQUpBIFRlc3QiLCJlbWFpbCI6InN1bHRvbmxwdHBAZ21haWwuY29tIiwicm9sZSI6InVzZXIiLCJpYXQiOjE3ODA3MTg5MDgsImV4cCI6MTc4MDgwNTMwOH0.0K3sc152hugo6b0Iehg3btTKbCrQLDdEF-Om1B3h238",
  "user-agent": "Mozilla/5.0 (Windows NT 10.0; Win64; x64) AppleWebKit/537.36 (KHTML, like Gecko) Chrome/148.0.0.0 Safari/537.36",
  "accept": "application/json, text/plain, */*",
  "sec-ch-ua": "\"Chromium\";v=\"148\", \"Google Chrome\";v=\"148\", \"Not/A)Brand\";v=\"99\"",
  "content-type": "multipart/form-data; boundary=----WebKitFormBoundaryqjH7R1fIBN8gxnJk",
  "sec-ch-ua-mobile": "?0",
  "origin": "http://localhost:3001",
  "sec-fetch-site": "same-site",
  "sec-fetch-mode": "cors",
  "sec-fetch-dest": "empty",
  "referer": "http://localhost:3001/",
  "accept-encoding": "gzip, deflate, br, zstd",
  "accept-language": "id-ID,id;q=0.9,en-US;q=0.8,en;q=0.7"
}
Files received: []
Body received: {
  "title": "testing laporan 2",
  "description": "testing laporan 2",
  "tanggal_kejadian": "2026-06-13",
  "lokasi_kejadian": "testing laporan 2",
  "instansi_tujuan": "Dinas Kesehatan",
  "category_id": "4"
}
